
> temp_app@0.1.0 build
> next build

   โ–ฒ Next.js 16.0.10 (Turbopack)
   - Environments: .env.local

   Creating an optimized production build ...
 โ“ Compiled successfully in 13.2s
   Running TypeScript ...
node.exe : Failed to 
compile.
At line:1 char:1
+ & "C:\Program 
Files\nodejs/node.exe" 
"C:\Program 
Files\nodejs/node_mo ...
+ ~~~~~~~~~~~~~~~~~~~~~~
~~~~~~~~~~~~~~~~~~~~~~~~
~~~~~~~~~~~~~~~~~~~~~~~
    + CategoryInfo      
        : NotSpeci    
fied: (Failed to     
compile.:String)     
[], RemoteExcepti    on
    + FullyQualifiedE   
 rrorId : NativeCo    
mmandError
 

./src/components/3d/Virt
ualMuseum.tsx:74:24
Type error: Type 
'number' is not 
assignable to type 'Buff
erGeometry<NormalBufferA
ttributes, BufferGeometr
yEventMap>'.

[0m [90m 72 |[39m    
             transparent
 [90m 73 |[39m        
         side[33m=[39m
{[33mTHREE[39m[33m.[
39m[33mDoubleSide[39m}
[31m[1m>[22m[39m[90
m 74 |[39m             
    args[33m=[39m{[[3
3mCARD_WIDTH[39m[33m,
[39m 
[33mCARD_HEIGHT[39m]}
 [90m    |[39m        
                
[31m[1m^[22m[39m
 [90m 75 |[39m        
         radius[33m=[3
9m{[35m0.1[39m}
 [90m 76 |[39m        
     
[33m/[39m[33m>[39m
 [90m 77 |[39m[0m
Next.js build worker 
exited with code: 1 and 
signal: null
